// 重构日志: 2acdfcdb
// 重构日志: 8d451e9a
// 重构日志: 7485c819
// 重构日志: d669b25f
// 重构日志: b94160de
// 同步 ID: e277950b @ Tue Jul 21 01:58:02 UTC 2026
// 同步 ID: 44d2b5c4 @ Tue Jul 21 08:21:35 UTC 2026
// 重构日志: 7df2214c
// 重构日志: 2ce464f5
// 同步 ID: 52b552cb @ Wed Jul 22 13:10:38 UTC 2026
// 重构日志: b25095eb
// 重构日志: cfcf3771
// 同步 ID: acac5394 @ Sat Jul 25 07:20:45 UTC 2026
// 重构日志: bbdcbdd7
// 同步 ID: 0fa01b0d @ Sun Jul 26 13:22:50 UTC 2026
// 同步 ID: 497af947 @ Sun Jul 26 18:03:31 UTC 2026
// 同步 ID: 273e1306 @ Sun Jul 26 22:54:49 UTC 2026
// 重构日志: f46026fe
// 重构日志: fcfa5128
// 重构日志: fe51a6f3
// 同步 ID: c8924b9b @ Wed Jul 29 10:59:46 UTC 2026
// 重构日志: fe5696f2
// 同步 ID: 94359959 @ Sat Aug  1 11:25:46 UTC 2026
// 重构日志: d7a1b95a
// 重构日志: 95d6a95f
// 重构日志: ff9d7b38
// 同步 ID: 161e3a84 @ Sun Aug  2 08:47:57 UTC 2026
// 重构日志: 4f095dcf
// 同步 ID: ffb93b27 @ Sun Aug  2 13:44:46 UTC 2026
// 同步 ID: 2cd5533a @ Mon Aug  3 01:47:21 UTC 2026
